Starting training script
Read 49024 correct and 45441 error sequences
Split sizes: train=75572, val=9446, test=9447
Fetching 4 files:   0%|          | 0/4 [00:00<?, ?it/s]Fetching 4 files: 100%|██████████| 4/4 [00:00<00:00, 2373.69it/s]
Using model esmc_300m on device cuda
Epoch 1/20: Train Loss=0.5981, Train Acc=0.6733, Val Loss=0.5697, Val Acc=0.6969
Epoch 2/20: Train Loss=0.5694, Train Acc=0.6954, Val Loss=0.5670, Val Acc=0.7046
Epoch 3/20: Train Loss=0.5605, Train Acc=0.7036, Val Loss=0.5641, Val Acc=0.7070
Epoch 4/20: Train Loss=0.5546, Train Acc=0.7092, Val Loss=0.5506, Val Acc=0.7131
Epoch 5/20: Train Loss=0.5494, Train Acc=0.7111, Val Loss=0.5468, Val Acc=0.7134
Epoch 6/20: Train Loss=0.5461, Train Acc=0.7144, Val Loss=0.5470, Val Acc=0.7079
Epoch 7/20: Train Loss=0.5418, Train Acc=0.7168, Val Loss=0.5520, Val Acc=0.7164
Epoch 8/20: Train Loss=0.5387, Train Acc=0.7171, Val Loss=0.5458, Val Acc=0.7070
Epoch 9/20: Train Loss=0.5362, Train Acc=0.7217, Val Loss=0.5401, Val Acc=0.7159
Epoch 10/20: Train Loss=0.5330, Train Acc=0.7238, Val Loss=0.5478, Val Acc=0.7154
Epoch 11/20: Train Loss=0.5304, Train Acc=0.7233, Val Loss=0.5388, Val Acc=0.7120
Epoch 12/20: Train Loss=0.5281, Train Acc=0.7269, Val Loss=0.5440, Val Acc=0.7173
Epoch 13/20: Train Loss=0.5251, Train Acc=0.7259, Val Loss=0.5394, Val Acc=0.7186
Epoch 14/20: Train Loss=0.5233, Train Acc=0.7285, Val Loss=0.5371, Val Acc=0.7179
Epoch 15/20: Train Loss=0.5221, Train Acc=0.7300, Val Loss=0.5475, Val Acc=0.6953
Epoch 16/20: Train Loss=0.5202, Train Acc=0.7303, Val Loss=0.5368, Val Acc=0.7192
Epoch 17/20: Train Loss=0.5178, Train Acc=0.7313, Val Loss=0.5352, Val Acc=0.7151
Epoch 18/20: Train Loss=0.5146, Train Acc=0.7352, Val Loss=0.5363, Val Acc=0.7194
Epoch 19/20: Train Loss=0.5140, Train Acc=0.7338, Val Loss=0.5534, Val Acc=0.7199
Epoch 20/20: Train Loss=0.5120, Train Acc=0.7361, Val Loss=0.5345, Val Acc=0.7160
Test Loss=0.5358, Test Acc=0.7165
Finished training
Split sizes: train=75572, val=9446, test=9447
