Starting training script
Read 49024 correct and 45441 error sequences
Split sizes: train=75572, val=9446, test=9447
Fetching 4 files:   0%|          | 0/4 [00:00<?, ?it/s]Fetching 4 files: 100%|██████████| 4/4 [00:00<00:00, 266.00it/s]
Using model esmc_600m on device cuda
Epoch 1/15: Train Loss=0.5824, Train Acc=0.6841, Val Loss=0.5529, Val Acc=0.7065
Epoch 2/15: Train Loss=0.5519, Train Acc=0.7089, Val Loss=0.5409, Val Acc=0.7165
Epoch 3/15: Train Loss=0.5422, Train Acc=0.7160, Val Loss=0.5507, Val Acc=0.7061
Epoch 4/15: Train Loss=0.5356, Train Acc=0.7192, Val Loss=0.5401, Val Acc=0.7165
Epoch 5/15: Train Loss=0.5300, Train Acc=0.7220, Val Loss=0.5348, Val Acc=0.7195
Epoch 6/15: Train Loss=0.5250, Train Acc=0.7273, Val Loss=0.5269, Val Acc=0.7253
Epoch 7/15: Train Loss=0.5216, Train Acc=0.7263, Val Loss=0.5264, Val Acc=0.7267
Epoch 8/15: Train Loss=0.5172, Train Acc=0.7307, Val Loss=0.5194, Val Acc=0.7294
Epoch 9/15: Train Loss=0.5125, Train Acc=0.7327, Val Loss=0.5211, Val Acc=0.7312
Epoch 10/15: Train Loss=0.5089, Train Acc=0.7350, Val Loss=0.5262, Val Acc=0.7260
Epoch 11/15: Train Loss=0.5073, Train Acc=0.7358, Val Loss=0.5180, Val Acc=0.7305
Epoch 12/15: Train Loss=0.5035, Train Acc=0.7370, Val Loss=0.5251, Val Acc=0.7275
Epoch 13/15: Train Loss=0.4993, Train Acc=0.7405, Val Loss=0.5268, Val Acc=0.7288
Epoch 14/15: Train Loss=0.4965, Train Acc=0.7429, Val Loss=0.5216, Val Acc=0.7310
Epoch 15/15: Train Loss=0.4940, Train Acc=0.7436, Val Loss=0.5338, Val Acc=0.7258
Test Loss=0.5381, Test Acc=0.7225
Finished training
Split sizes: train=75572, val=9446, test=9447
